###############################################################################
#
# IAR ELF Linker V8.20.2.14835/W32 for ARM                09/Nov/2019  08:20:59
# Copyright 2007-2017 IAR Systems AB.
#
#    Output file  =  C:\Users\Студент-06\POIP-Hub\3.2\Debug\Exe\2.out
#    Map file     =  C:\Users\Студент-06\POIP-Hub\3.2\Debug\List\2.map
#    Command line =  
#        -f C:\Users\-06~1\AppData\Local\Temp\EWE00C.tmp
#        (C:\Users\Студент-06\POIP-Hub\3.2\Debug\Obj\main.o
#        C:\Users\Студент-06\POIP-Hub\3.2\Debug\Obj\startup.o -o
#        C:\Users\Студент-06\POIP-Hub\3.2\Debug\Exe\2.out --redirect
#        _Printf=_PrintfFullNoMb --redirect _Scanf=_ScanfFullNoMb --map
#        C:\Users\Студент-06\POIP-Hub\3.2\Debug\List\2.map --config
#        C:\Users\Студент-06\POIP-Hub\3.2\2_la.icf --semihosting --entry
#        __iar_program_start --vfe --enable_stack_usage --text_out locale)
#
###############################################################################

*******************************************************************************
*** MESSAGES
***

Warning[Ls015]: [stack usage analysis] at least one function appears to be
          uncalled. Example: "InterruptHandler::DummyHandler()". A complete
          list of uncalled functions is in the map file.


*******************************************************************************
*** RUNTIME MODEL ATTRIBUTES
***

CppFlavor        = *
__CPP_Exceptions = Disabled
__CPP_Language   = C++14
__SystemLibrary  = DLib
__dlib_version   = 6


*******************************************************************************
*** HEAP SELECTION
***

The basic heap was selected because no calls to memory allocation
functions were found in the application outside of system library
functions, and there are calls to deallocation functions in the
application.


*******************************************************************************
*** PLACEMENT SUMMARY
***

"A0":  place at 0x08000000 { ro section .intvec };
"P1":  place in [from 0x08000000 to 0x0807ffff] { ro };
define block CSTACK with size = 32, alignment = 8 { };
define block HEAP with size = 0M, alignment = 8 { };
"P2":  place in [from 0x20000000 to 0x2001ffff] {
          rw, block CSTACK, block HEAP };

No sections matched the following patterns:

  rw  in "P2"


  Section   Kind        Address   Size  Object
  -------   ----        -------   ----  ------
"A0":                             0xbc
  .intvec   const    0x08000000   0xbc  startup.o [1]
                   - 0x080000bc   0xbc

"P1":                            0x1a0
  .text     ro code  0x080000bc   0x3e  main.o [1]
  .text     ro code  0x080000fa    0x2  startup.o [1]
  .text     ro code  0x080000fc   0x18  main.o [1]
  .text     ro code  0x08000114   0x18  main.o [1]
  .text     ro code  0x0800012c   0x18  main.o [1]
  .text     ro code  0x08000144   0x18  main.o [1]
  .text     ro code  0x0800015c   0x18  main.o [1]
  .text     ro code  0x08000174   0x18  main.o [1]
  .text     ro code  0x0800018c   0x18  main.o [1]
  .text     ro code  0x080001a4   0x14  main.o [1]
  .text     ro code  0x080001b8   0x14  main.o [1]
  .text     ro code  0x080001cc   0x14  main.o [1]
  .text     ro code  0x080001e0   0x22  fpinit_M.o [4]
  .text     ro code  0x08000202    0x2  startup.o [1]
  .text     ro code  0x08000204   0x1e  cmain.o [5]
  .text     ro code  0x08000222    0x4  low_level_init.o [3]
  .text     ro code  0x08000226    0x4  exit.o [3]
  .rodata   const    0x0800022a    0x1  unwind_debug.o [6]
  .text     ro code  0x0800022c    0xa  cexit.o [5]
  .text     ro code  0x08000238   0x14  exit.o [6]
  .text     ro code  0x0800024c   0x10  startup.o [1]
                   - 0x0800025c  0x1a0

"P2":                             0x20
  CSTACK             0x20000000   0x20  <Block>
    CSTACK  uninit   0x20000000   0x20  <Block tail>
                   - 0x20000020   0x20


*******************************************************************************
*** STACK USAGE
***

  Call Graph Root Category  Max Use  Total Use
  ------------------------  -------  ---------
  Program entry                 16         16
  Uncalled function              0          0


Program entry
  "__iar_program_start": 0x0800024d

  Maximum call chain                               16  bytes

    "__iar_program_start"                           8
    "__cmain"                                       0
    "main"                                          8
    "void FieldValueBase<RCC_AHBENR_GPIOCEN_Values<RCC::AHB1ENR, (unsigned int)2, (unsigned int)1, ReadWriteMode, RCC::RCCAHB1ENRBase>, RCC::RCCAHB1ENRBase, (unsigned int)1>::Set<ReadWriteMode, void>()"
                                                    0

Uncalled function
  "InterruptHandler::DummyHandler()": 0x080000fb

  Maximum call chain                                0  bytes

    "InterruptHandler::DummyHandler()"              0

Uncalled function
  "InterruptHandler::Timer2Handler()": 0x08000203

  Maximum call chain                                0  bytes

    "InterruptHandler::Timer2Handler()"             0


*******************************************************************************
*** MODULE SUMMARY
***

    Module            ro code  ro data  rw data
    ------            -------  -------  -------
C:\Users\Студент-06\POIP-Hub\3.2\Debug\Obj: [1]
    main.o                290
    startup.o              20      188
    -------------------------------------------
    Total:                310      188

command line: [2]
    -------------------------------------------
    Total:

dl7M_tln.a: [3]
    exit.o                  4
    low_level_init.o        4
    -------------------------------------------
    Total:                  8

m7M_tls.a: [4]
    fpinit_M.o             34
    -------------------------------------------
    Total:                 34

rt7M_tl.a: [5]
    cexit.o                10
    cmain.o                30
    -------------------------------------------
    Total:                 40

shb_l.a: [6]
    exit.o                 20
    unwind_debug.o                   1
    -------------------------------------------
    Total:                 20        1

    Gaps                    3
    Linker created                           32
-----------------------------------------------
    Grand Total:          415      189       32


*******************************************************************************
*** ENTRY LIST
***

Entry                      Address  Size  Type      Object
-----                      -------  ----  ----      ------
?main                   0x08000205        Code  Gb  cmain.o [5]
CSTACK$$Base            0x20000000         --   Gb  - Linker created -
CSTACK$$Limit           0x20000020         --   Gb  - Linker created -
Delay()                 0x080000bd   0xe  Code  Gb  main.o [1]
InterruptHandler::DummyHandler()
                        0x080000fb   0x2  Code  Gb  startup.o [1]
InterruptHandler::Timer2Handler()
                        0x08000203   0x2  Code  Gb  startup.o [1]
Region$$Table$$Base     0x00000000         --   Gb  - Linker created -
Region$$Table$$Limit    0x00000000         --   Gb  - Linker created -
__cmain                 0x08000205        Code  Gb  cmain.o [5]
__exit                  0x08000239  0x14  Code  Gb  exit.o [6]
__iar_debug_exceptions  0x0800022a   0x1  Data  Gb  unwind_debug.o [6]
__iar_init_vfp          0x080001e1        Code  Gb  fpinit_M.o [4]
__iar_program_start     0x0800024d  0x10  Code  Gb  startup.o [1]
__iar_systems$$module {Abs}
                        0x00000001        Data  Gb  command line/config [2]
__low_level_init        0x08000223   0x4  Code  Gb  low_level_init.o [3]
__vector_table          0x08000000  0xbc  Data  Lc  startup.o [1]
_call_main              0x08000211        Code  Gb  cmain.o [5]
_exit                   0x0800022d        Code  Gb  cexit.o [5]
_main                   0x0800021f        Code  Gb  cmain.o [5]
exit                    0x08000227   0x4  Code  Gb  exit.o [3]
main                    0x080000cb  0x30  Code  Gb  main.o [1]
void FieldValueBase<GPIOC_MODER_MODER_Values<GPIOC::MODER, (unsigned int)10, (unsigned int)2, ReadWriteMode, GPIOC::GPIOCMODERBase>, GPIOC::GPIOCMODERBase, (unsigned int)1>::Set<ReadWriteMode, void>()
                        0x08000115  0x18  Code  Gb  main.o [1]
void FieldValueBase<GPIOC_MODER_MODER_Values<GPIOC::MODER, (unsigned int)16, (unsigned int)2, ReadWriteMode, GPIOC::GPIOCMODERBase>, GPIOC::GPIOCMODERBase, (unsigned int)1>::Set<ReadWriteMode, void>()
                        0x0800012d  0x18  Code  Gb  main.o [1]
void FieldValueBase<GPIOC_MODER_MODER_Values<GPIOC::MODER, (unsigned int)18, (unsigned int)2, ReadWriteMode, GPIOC::GPIOCMODERBase>, GPIOC::GPIOCMODERBase, (unsigned int)1>::Set<ReadWriteMode, void>()
                        0x08000145  0x18  Code  Gb  main.o [1]
void FieldValueBase<GPIOC_ODR_ODR_Values<GPIOC::ODR, (unsigned int)5, (unsigned int)1, ReadWriteMode, GPIOC::GPIOCODRBase>, GPIOC::GPIOCODRBase, (unsigned int)0>::Set<ReadWriteMode, void>()
                        0x080001a5  0x14  Code  Gb  main.o [1]
void FieldValueBase<GPIOC_ODR_ODR_Values<GPIOC::ODR, (unsigned int)5, (unsigned int)1, ReadWriteMode, GPIOC::GPIOCODRBase>, GPIOC::GPIOCODRBase, (unsigned int)1>::Set<ReadWriteMode, void>()
                        0x0800015d  0x18  Code  Gb  main.o [1]
void FieldValueBase<GPIOC_ODR_ODR_Values<GPIOC::ODR, (unsigned int)8, (unsigned int)1, ReadWriteMode, GPIOC::GPIOCODRBase>, GPIOC::GPIOCODRBase, (unsigned int)0>::Set<ReadWriteMode, void>()
                        0x080001b9  0x14  Code  Gb  main.o [1]
void FieldValueBase<GPIOC_ODR_ODR_Values<GPIOC::ODR, (unsigned int)8, (unsigned int)1, ReadWriteMode, GPIOC::GPIOCODRBase>, GPIOC::GPIOCODRBase, (unsigned int)1>::Set<ReadWriteMode, void>()
                        0x08000175  0x18  Code  Gb  main.o [1]
void FieldValueBase<GPIOC_ODR_ODR_Values<GPIOC::ODR, (unsigned int)9, (unsigned int)1, ReadWriteMode, GPIOC::GPIOCODRBase>, GPIOC::GPIOCODRBase, (unsigned int)0>::Set<ReadWriteMode, void>()
                        0x080001cd  0x14  Code  Gb  main.o [1]
void FieldValueBase<GPIOC_ODR_ODR_Values<GPIOC::ODR, (unsigned int)9, (unsigned int)1, ReadWriteMode, GPIOC::GPIOCODRBase>, GPIOC::GPIOCODRBase, (unsigned int)1>::Set<ReadWriteMode, void>()
                        0x0800018d  0x18  Code  Gb  main.o [1]
void FieldValueBase<RCC_AHBENR_GPIOCEN_Values<RCC::AHB1ENR, (unsigned int)2, (unsigned int)1, ReadWriteMode, RCC::RCCAHB1ENRBase>, RCC::RCCAHB1ENRBase, (unsigned int)1>::Set<ReadWriteMode, void>()
                        0x080000fd  0x18  Code  Gb  main.o [1]


[1] = C:\Users\Студент-06\POIP-Hub\3.2\Debug\Obj
[2] = command line
[3] = dl7M_tln.a
[4] = m7M_tls.a
[5] = rt7M_tl.a
[6] = shb_l.a

  415 bytes of readonly  code memory
  189 bytes of readonly  data memory
   32 bytes of readwrite data memory

Errors: none
Warnings: 1
