###############################################################################
#
# IAR ELF Linker V8.40.1.212/W32 for ARM                  18/Nov/2019  19:41:45
# Copyright 2007-2019 IAR Systems AB.
#
#    Output file  =  D:\09112019\Debug\Exe\2.out
#    Map file     =  D:\09112019\Debug\List\2.map
#    Command line =
#        -f C:\Users\User\AppData\Local\Temp\EW2B9.tmp
#        (D:\09112019\Debug\Obj\main.o D:\09112019\Debug\Obj\startup.o
#        --no_out_extension -o D:\09112019\Debug\Exe\2.out --redirect
#        _Printf=_PrintfFullNoMb --redirect _Scanf=_ScanfFullNoMb --map
#        D:\09112019\Debug\List\2.map --config D:\09112019\2_la.icf
#        --semihosting --entry __iar_program_start --vfe --enable_stack_usage
#        --text_out locale)
#
###############################################################################

*******************************************************************************
*** MESSAGES
***

Warning[Ls015]: [stack usage analysis] at least one function appears to be
          uncalled. Example: "InterruptHandler::DummyHandler()". A complete
          list of uncalled functions is in the map file.


*******************************************************************************
*** RUNTIME MODEL ATTRIBUTES
***

CppFlavor        = *
__CPP_Exceptions = Disabled
__CPP_Language   = C++14
__SystemLibrary  = DLib
__dlib_version   = 6


*******************************************************************************
*** HEAP SELECTION
***

The basic heap was selected because no calls to memory allocation
functions were found in the application outside of system library
functions, and there are calls to deallocation functions in the
application.


*******************************************************************************
*** PLACEMENT SUMMARY
***

"A0":  place at address 0x800'0000 { ro section .intvec };
"P1":  place in [from 0x800'0000 to 0x807'ffff] { ro };
define block CSTACK with size = 32, alignment = 8 { };
define block HEAP with size = 0, alignment = 8 { };
"P2":  place in [from 0x2000'0000 to 0x2001'ffff] {
          rw, block CSTACK, block HEAP };

No sections matched the following patterns:

  rw  in "P2"


  Section   Kind         Address   Size  Object
  -------   ----         -------   ----  ------
"A0":                              0xbc
  .intvec   const     0x800'0000   0xbc  startup.o [1]
                    - 0x800'00bc   0xbc

"P1":                             0x368
  .text     ro code   0x800'00bc   0x90  main.o [1]
  .text     ro code   0x800'014c   0x14  main.o [1]
  .text     ro code   0x800'0160   0x10  main.o [1]
  .text     ro code   0x800'0170   0x14  main.o [1]
  .text     ro code   0x800'0184   0x1c  main.o [1]
  .text     ro code   0x800'01a0   0x34  main.o [1]
  .text     ro code   0x800'01d4   0x14  main.o [1]
  .text     ro code   0x800'01e8   0x14  main.o [1]
  .text     ro code   0x800'01fc   0x14  main.o [1]
  .text     ro code   0x800'0210   0x14  main.o [1]
  .text     ro code   0x800'0224   0x14  main.o [1]
  .text     ro code   0x800'0238   0x14  main.o [1]
  .text     ro code   0x800'024c   0x10  main.o [1]
  .text     ro code   0x800'025c   0x14  main.o [1]
  .text     ro code   0x800'0270   0x12  main.o [1]
  .text     ro code   0x800'0282    0x2  startup.o [1]
  .text     ro code   0x800'0284   0x18  main.o [1]
  .text     ro code   0x800'029c   0x14  main.o [1]
  .text     ro code   0x800'02b0   0x14  main.o [1]
  .text     ro code   0x800'02c4   0x14  main.o [1]
  .text     ro code   0x800'02d8   0x14  main.o [1]
  .text     ro code   0x800'02ec   0x10  main.o [1]
  .text     ro code   0x800'02fc   0x10  main.o [1]
  .text     ro code   0x800'030c   0x10  main.o [1]
  .text     ro code   0x800'031c   0x10  main.o [1]
  .text     ro code   0x800'032c   0x24  ABIassert.o [5]
  .text     ro code   0x800'0350    0x6  abort.o [2]
  .text     ro code   0x800'0356    0x2  startup.o [1]
  .text     ro code   0x800'0358   0x14  exit.o [5]
  .rodata   const     0x800'036c   0x3c  main.o [1]
  .text     ro code   0x800'03a8   0x22  fpinit_M.o [3]
  .rodata   const     0x800'03ca    0x1  unwind_debug.o [5]
  .text     ro code   0x800'03cc   0x1e  cmain.o [4]
  .text     ro code   0x800'03ea    0x4  exit.o [2]
  .text     ro code   0x800'03f0    0xa  cexit.o [4]
  .rodata   const     0x800'03fc   0x18  main.o [1]
  .text     ro code   0x800'0414   0x10  startup.o [1]
                    - 0x800'0424  0x368

"P2":                              0x20
  CSTACK             0x2000'0000   0x20  <Block>
    CSTACK  uninit   0x2000'0000   0x20  <Block tail>
                   - 0x2000'0020   0x20

Unused ranges:

         From           To      Size
         ----           --      ----
   0x800'0424   0x807'ffff  0x7'fbdc
  0x2000'0020  0x2001'ffff  0x1'ffe0


*******************************************************************************
*** STACK USAGE
***

  Call Graph Root Category  Max Use  Total Use
  ------------------------  -------  ---------
  Program entry                 48         48
  Uncalled function              0          0


Program entry
  "__iar_program_start": 0x800'0415

  Maximum call chain                               48  bytes

    "__iar_program_start"                           8
    "__cmain"                                       0
    "__low_level_init"                              8
    "void RegisterField<RCC::CFGR, (unsigned int)16, (unsigned int)5, ReadWriteMode>::Set<ReadWriteMode, void>(unsigned int)"
                                                    8
    "__aeabi_assert"                               16
    "abort"                                         0
    "__exit"                                        8

Uncalled function
  "InterruptHandler::DummyHandler()": 0x800'0283

  Maximum call chain                                0  bytes

    "InterruptHandler::DummyHandler()"              0

Uncalled function
  "InterruptHandler::Timer2Handler()": 0x800'0357

  Maximum call chain                                0  bytes

    "InterruptHandler::Timer2Handler()"             0


*******************************************************************************
*** MODULE SUMMARY
***

    Module          ro code  ro data  rw data
    ------          -------  -------  -------
command line/config:
    -----------------------------------------
    Total:

D:\09112019\Debug\Obj: [1]
    main.o              622       84
    startup.o            20      188
    -----------------------------------------
    Total:              642      272

dl7M_tln.a: [2]
    abort.o               6
    exit.o                4
    -----------------------------------------
    Total:               10

m7M_tls.a: [3]
    fpinit_M.o           34
    -----------------------------------------
    Total:               34

rt7M_tl.a: [4]
    cexit.o              10
    cmain.o              30
    -----------------------------------------
    Total:               40

shb_l.a: [5]
    ABIassert.o          36
    exit.o               20
    unwind_debug.o                 1
    -----------------------------------------
    Total:               56        1

    Gaps                  3        2
    Linker created                         32
---------------------------------------------
    Grand Total:        785      275       32


*******************************************************************************
*** ENTRY LIST
***

Entry                       Address  Size  Type      Object
-----                       -------  ----  ----      ------
?main                    0x800'03cd        Code  Gb  cmain.o [4]
CSTACK$$Base            0x2000'0000         --   Gb  - Linker created -
CSTACK$$Limit           0x2000'0020         --   Gb  - Linker created -
InterruptHandler::DummyHandler()
                         0x800'0283   0x2  Code  Gb  startup.o [1]
InterruptHandler::Timer2Handler()
                         0x800'0357   0x2  Code  Gb  startup.o [1]
Region$$Table$$Base             0x0         --   Gb  - Linker created -
Region$$Table$$Limit            0x0         --   Gb  - Linker created -
__aeabi_assert           0x800'032d  0x24  Code  Gb  ABIassert.o [5]
__cmain                  0x800'03cd        Code  Gb  cmain.o [4]
__exit                   0x800'0359  0x14  Code  Gb  exit.o [5]
__iar_debug_exceptions   0x800'03ca   0x1  Data  Gb  unwind_debug.o [5]
__iar_init_vfp           0x800'03a9        Code  Gb  fpinit_M.o [3]
__iar_program_start      0x800'0415  0x10  Code  Gb  startup.o [1]
__low_level_init         0x800'00bd  0x48  Code  Gb  main.o [1]
__vector_table           0x800'0000  0xbc  Data  Lc  startup.o [1]
_call_main               0x800'03d9        Code  Gb  cmain.o [4]
_exit                    0x800'03f1        Code  Gb  cexit.o [4]
_main                    0x800'03e7        Code  Gb  cmain.o [4]
abort                    0x800'0351   0x6  Code  Gb  abort.o [2]
bool FieldValueBase<GPIOC_IDR_IDR13_Values<GPIOC::IDR, (unsigned int)13, (unsigned int)1, ReadMode, GPIOC::GPIOCIDRBase>, GPIOC::GPIOCIDRBase, (unsigned int)0>::IsSet<ReadMode, void>()
                         0x800'0285  0x18  Code  Gb  main.o [1]
bool FieldValueBase<RCC_CFGR_SWS_Values<RCC::CFGR, (unsigned int)2, (unsigned int)2, ReadMode, RCC::RCCCFGRBase>, RCC::RCCCFGRBase, (unsigned int)1>::IsSet<ReadMode, void>()
                         0x800'0185  0x1c  Code  Gb  main.o [1]
bool FieldValueBase<RCC_CR_HSERDY_Values<RCC::CR, (unsigned int)17, (unsigned int)1, ReadMode, RCC::RCCCRBase>, RCC::RCCCRBase, (unsigned int)1>::IsSet<ReadMode, void>()
                         0x800'0161  0x10  Code  Gb  main.o [1]
exit                     0x800'03eb   0x4  Code  Gb  exit.o [2]
main                     0x800'0105  0x48  Code  Gb  main.o [1]
void FieldValueBase<GPIOA_MODER_MODER15_Values<GPIOA::MODER, (unsigned int)10, (unsigned int)2, ReadWriteMode, GPIOA::GPIOAMODERBase>, GPIOA::GPIOAMODERBase, (unsigned int)1>::Set<ReadWriteMode, void>()
                         0x800'01fd  0x14  Code  Gb  main.o [1]
void FieldValueBase<GPIOA_ODR_ODR5_Values<GPIOA::ODR, (unsigned int)5, (unsigned int)1, ReadWriteMode, GPIOA::GPIOAODRBase>, GPIOA::GPIOAODRBase, (unsigned int)0>::Set<ReadWriteMode, void>()
                         0x800'02ed  0x10  Code  Gb  main.o [1]
void FieldValueBase<GPIOA_ODR_ODR5_Values<GPIOA::ODR, (unsigned int)5, (unsigned int)1, ReadWriteMode, GPIOA::GPIOAODRBase>, GPIOA::GPIOAODRBase, (unsigned int)1>::Set<ReadWriteMode, void>()
                         0x800'029d  0x14  Code  Gb  main.o [1]
void FieldValueBase<GPIOC_MODER_MODER15_Values<GPIOC::MODER, (unsigned int)10, (unsigned int)2, ReadWriteMode, GPIOC::GPIOCMODERBase>, GPIOC::GPIOCMODERBase, (unsigned int)1>::Set<ReadWriteMode, void>()
                         0x800'0211  0x14  Code  Gb  main.o [1]
void FieldValueBase<GPIOC_MODER_MODER15_Values<GPIOC::MODER, (unsigned int)16, (unsigned int)2, ReadWriteMode, GPIOC::GPIOCMODERBase>, GPIOC::GPIOCMODERBase, (unsigned int)1>::Set<ReadWriteMode, void>()
                         0x800'0225  0x14  Code  Gb  main.o [1]
void FieldValueBase<GPIOC_MODER_MODER15_Values<GPIOC::MODER, (unsigned int)18, (unsigned int)2, ReadWriteMode, GPIOC::GPIOCMODERBase>, GPIOC::GPIOCMODERBase, (unsigned int)1>::Set<ReadWriteMode, void>()
                         0x800'0239  0x14  Code  Gb  main.o [1]
void FieldValueBase<GPIOC_MODER_MODER15_Values<GPIOC::MODER, (unsigned int)26, (unsigned int)2, ReadWriteMode, GPIOC::GPIOCMODERBase>, GPIOC::GPIOCMODERBase, (unsigned int)0>::Set<ReadWriteMode, void>()
                         0x800'024d  0x10  Code  Gb  main.o [1]
void FieldValueBase<GPIOC_ODR_ODR5_Values<GPIOC::ODR, (unsigned int)5, (unsigned int)1, ReadWriteMode, GPIOC::GPIOCODRBase>, GPIOC::GPIOCODRBase, (unsigned int)0>::Set<ReadWriteMode, void>()
                         0x800'02fd  0x10  Code  Gb  main.o [1]
void FieldValueBase<GPIOC_ODR_ODR5_Values<GPIOC::ODR, (unsigned int)5, (unsigned int)1, ReadWriteMode, GPIOC::GPIOCODRBase>, GPIOC::GPIOCODRBase, (unsigned int)1>::Set<ReadWriteMode, void>()
                         0x800'02b1  0x14  Code  Gb  main.o [1]
void FieldValueBase<GPIOC_ODR_ODR8_Values<GPIOC::ODR, (unsigned int)8, (unsigned int)1, ReadWriteMode, GPIOC::GPIOCODRBase>, GPIOC::GPIOCODRBase, (unsigned int)0>::Set<ReadWriteMode, void>()
                         0x800'030d  0x10  Code  Gb  main.o [1]
void FieldValueBase<GPIOC_ODR_ODR8_Values<GPIOC::ODR, (unsigned int)8, (unsigned int)1, ReadWriteMode, GPIOC::GPIOCODRBase>, GPIOC::GPIOCODRBase, (unsigned int)1>::Set<ReadWriteMode, void>()
                         0x800'02c5  0x14  Code  Gb  main.o [1]
void FieldValueBase<GPIOC_ODR_ODR9_Values<GPIOC::ODR, (unsigned int)9, (unsigned int)1, ReadWriteMode, GPIOC::GPIOCODRBase>, GPIOC::GPIOCODRBase, (unsigned int)0>::Set<ReadWriteMode, void>()
                         0x800'031d  0x10  Code  Gb  main.o [1]
void FieldValueBase<GPIOC_ODR_ODR9_Values<GPIOC::ODR, (unsigned int)9, (unsigned int)1, ReadWriteMode, GPIOC::GPIOCODRBase>, GPIOC::GPIOCODRBase, (unsigned int)1>::Set<ReadWriteMode, void>()
                         0x800'02d9  0x14  Code  Gb  main.o [1]
void FieldValueBase<RCC_AHB1ENR_DMA2EN_Values<RCC::AHB1ENR, (unsigned int)0, (unsigned int)1, ReadWriteMode, RCC::RCCAHB1ENRBase>, RCC::RCCAHB1ENRBase, (unsigned int)1>::Set<ReadWriteMode, void>()
                         0x800'01e9  0x14  Code  Gb  main.o [1]
void FieldValueBase<RCC_AHB1ENR_DMA2EN_Values<RCC::AHB1ENR, (unsigned int)2, (unsigned int)1, ReadWriteMode, RCC::RCCAHB1ENRBase>, RCC::RCCAHB1ENRBase, (unsigned int)1>::Set<ReadWriteMode, void>()
                         0x800'01d5  0x14  Code  Gb  main.o [1]
void FieldValueBase<RCC_AHB1ENR_DMA2EN_Values<RCC::APB1ENR, (unsigned int)0, (unsigned int)1, ReadWriteMode, RCC::RCCAPB1ENRBase>, RCC::RCCAPB1ENRBase, (unsigned int)1>::Set<ReadWriteMode, void>()
                         0x800'025d  0x14  Code  Gb  main.o [1]
void FieldValueBase<RCC_CFGR_SW_Values<RCC::CFGR, (unsigned int)0, (unsigned int)2, ReadWriteMode, RCC::RCCCFGRBase>, RCC::RCCCFGRBase, (unsigned int)1>::Set<ReadWriteMode, void>()
                         0x800'0171  0x14  Code  Gb  main.o [1]
void FieldValueBase<RCC_CR_HSEON_Values<RCC::CR, (unsigned int)16, (unsigned int)1, ReadWriteMode, RCC::RCCCRBase>, RCC::RCCCRBase, (unsigned int)1>::Set<ReadWriteMode, void>()
                         0x800'014d  0x14  Code  Gb  main.o [1]
void FieldValueBase<TIM2_CR1_URS_Values<TIM2::CR1, (unsigned int)2, (unsigned int)1, ReadWriteMode, TIM2::TIM2CR1Base>, TIM2::TIM2CR1Base, (unsigned int)1>::Set<ReadWriteMode, void>()
                         0x800'0271  0x12  Code  Gb  main.o [1]
void RegisterField<RCC::CFGR, (unsigned int)16, (unsigned int)5, ReadWriteMode>::Set<ReadWriteMode, void>(unsigned int)
                         0x800'01a1  0x34  Code  Gb  main.o [1]
void RegisterField<RCC::CFGR, (unsigned int)16, (unsigned int)5, ReadWriteMode>::Set<ReadWriteMode, void>(unsigned int)::string
                         0x800'03fc  0x18  Data  Gb  main.o [1]
void RegisterField<RCC::CFGR, (unsigned int)16, (unsigned int)5, ReadWriteMode>::Set<ReadWriteMode, void>(unsigned int)::string (instance 2)
                         0x800'036c  0x3c  Data  Gb  main.o [1]


[1] = D:\09112019\Debug\Obj
[2] = dl7M_tln.a
[3] = m7M_tls.a
[4] = rt7M_tl.a
[5] = shb_l.a

  785 bytes of readonly  code memory
  275 bytes of readonly  data memory
   32 bytes of readwrite data memory

Errors: none
Warnings: 1
